
> office@0.1.0 build
> next build

▲ Next.js 16.1.6 (Turbopack)
- Environments: .env.local
- Experiments (use with caution):
  ✓ optimizeCss
  · optimizePackageImports
  ✓ scrollRestoration
  · serverActions

  Creating an optimized production build ...
✓ Compiled successfully in 24.7s
  Running TypeScript ...
